[0.000000] (-) TimerEvent: {}
[0.000691] (-) JobUnselected: {'identifier': 'agv_bot_description'}
[0.000903] (-) JobUnselected: {'identifier': 'async_web_server_cpp'}
[0.001408] (-) JobUnselected: {'identifier': 'camera_calibration_parsers'}
[0.003425] (-) JobUnselected: {'identifier': 'camera_info_manager'}
[0.003537] (-) JobUnselected: {'identifier': 'cv_bridge'}
[0.003711] (-) JobUnselected: {'identifier': 'data_logger_test'}
[0.003799] (-) JobUnselected: {'identifier': 'geodesy'}
[0.003848] (-) JobUnselected: {'identifier': 'geographic_info'}
[0.003899] (-) JobUnselected: {'identifier': 'geographic_msgs'}
[0.003975] (-) JobUnselected: {'identifier': 'gps_package'}
[0.004040] (-) JobUnselected: {'identifier': 'image_common'}
[0.005626] (-) JobUnselected: {'identifier': 'image_geometry'}
[0.005712] (-) JobUnselected: {'identifier': 'image_stitcher'}
[0.005845] (-) JobUnselected: {'identifier': 'image_transport'}
[0.005919] (-) JobUnselected: {'identifier': 'isaac_ros_apriltag_interfaces'}
[0.007439] (-) JobUnselected: {'identifier': 'isaac_ros_bi3d_interfaces'}
[0.007534] (-) JobUnselected: {'identifier': 'isaac_ros_common'}
[0.007670] (-) JobUnselected: {'identifier': 'isaac_ros_nvblox'}
[0.007747] (-) JobUnselected: {'identifier': 'isaac_ros_pointcloud_interfaces'}
[0.007806] (-) JobUnselected: {'identifier': 'isaac_ros_tensor_list_interfaces'}
[0.007854] (-) JobUnselected: {'identifier': 'isaac_ros_test'}
[0.007916] (-) JobUnselected: {'identifier': 'joint_state_publisher'}
[0.007960] (-) JobUnselected: {'identifier': 'joint_state_publisher_gui'}
[0.008347] (-) JobUnselected: {'identifier': 'keyboard_control_pkg'}
[0.008447] (-) JobUnselected: {'identifier': 'motor_control_pkg'}
[0.008519] (-) JobUnselected: {'identifier': 'nvblox'}
[0.008565] (-) JobUnselected: {'identifier': 'nvblox_cpu_gpu_tools'}
[0.008608] (-) JobUnselected: {'identifier': 'nvblox_examples_bringup'}
[0.008649] (-) JobUnselected: {'identifier': 'nvblox_image_padding'}
[0.008689] (-) JobUnselected: {'identifier': 'nvblox_isaac_sim'}
[0.008725] (-) JobUnselected: {'identifier': 'nvblox_msgs'}
[0.008760] (-) JobUnselected: {'identifier': 'nvblox_nav2'}
[0.008796] (-) JobUnselected: {'identifier': 'nvblox_performance_measurement'}
[0.008832] (-) JobUnselected: {'identifier': 'nvblox_performance_measurement_msgs'}
[0.008871] (-) JobUnselected: {'identifier': 'nvblox_ros'}
[0.010255] (-) JobUnselected: {'identifier': 'nvblox_ros_common'}
[0.011867] (-) JobUnselected: {'identifier': 'nvblox_rviz_plugin'}
[0.011970] (-) JobUnselected: {'identifier': 'opencv_tests'}
[0.012081] (-) JobUnselected: {'identifier': 'realsense2_camera'}
[0.012163] (-) JobUnselected: {'identifier': 'realsense2_camera_msgs'}
[0.012239] (-) JobUnselected: {'identifier': 'realsense2_description'}
[0.012314] (-) JobUnselected: {'identifier': 'realsense_obj_det'}
[0.012387] (-) JobUnselected: {'identifier': 'road_segmentation'}
[0.012460] (-) JobUnselected: {'identifier': 'semantic_label_conversion'}
[0.012532] (-) JobUnselected: {'identifier': 'slam_toolbox'}
[0.012604] (-) JobUnselected: {'identifier': 'teleop_twist_joy'}
[0.012675] (-) JobUnselected: {'identifier': 'teleop_twist_keyboard'}
[0.012746] (-) JobUnselected: {'identifier': 'twist_converter'}
[0.012816] (-) JobUnselected: {'identifier': 'twist_mux'}
[0.012889] (-) JobUnselected: {'identifier': 'velodyne'}
[0.012960] (-) JobUnselected: {'identifier': 'velodyne_driver'}
[0.013031] (-) JobUnselected: {'identifier': 'velodyne_laserscan'}
[0.013130] (-) JobUnselected: {'identifier': 'velodyne_msgs'}
[0.013205] (-) JobUnselected: {'identifier': 'velodyne_pointcloud'}
[0.013277] (-) JobUnselected: {'identifier': 'vision_opencv'}
[0.013349] (-) JobUnselected: {'identifier': 'web_video_server'}
[0.013451] (-) JobUnselected: {'identifier': 'xacro'}
[0.013536] (data_logger) JobQueued: {'identifier': 'data_logger', 'dependencies': OrderedDict()}
[0.013624] (data_logger) JobStarted: {'identifier': 'data_logger'}
[0.070976] (data_logger) JobProgress: {'identifier': 'data_logger', 'progress': 'cmake'}
[0.072349] (data_logger) Command: {'cmd': ['/usr/bin/cmake', '/avlcode/workspaces/isaac_ros-dev/src/data_logger', '-DCMAKE_INSTALL_PREFIX=/avlcode/workspaces/isaac_ros-dev/install/data_logger'], 'cwd': '/avlcode/workspaces/isaac_ros-dev/build/data_logger', 'env': OrderedDict([('LESSOPEN', '| /usr/bin/lesspipe %s'), ('PYTHONWARNINGS', 'ignore:::setuptools.command.install,ignore:::setuptools.command.easy_install,ignore:::pkg_resources'), ('HOSTNAME', 'agxorin1'), ('SHLVL', '1'), ('LD_LIBRARY_PATH', '/opt/ros/humble/install/opt/rviz_ogre_vendor/lib:/opt/ros/humble/install/lib:/avlcode/workspaces/isaac_ros-dev/install/velodyne_pointcloud/lib:/avlcode/workspaces/isaac_ros-dev/install/velodyne_driver/lib:/avlcode/workspaces/isaac_ros-dev/install/velodyne_msgs/lib:/avlcode/workspaces/isaac_ros-dev/install/velodyne_laserscan/lib:/avlcode/workspaces/isaac_ros-dev/install/teleop_twist_joy/lib:/avlcode/workspaces/isaac_ros-dev/install/slam_toolbox/lib:/avlcode/workspaces/isaac_ros-dev/install/realsense2_camera/lib:/avlcode/workspaces/isaac_ros-dev/install/realsense2_camera_msgs/lib:/avlcode/workspaces/isaac_ros-dev/install/nvblox_rviz_plugin/lib:/avlcode/workspaces/isaac_ros-dev/install/nvblox_ros/lib:/avlcode/workspaces/isaac_ros-dev/install/nvblox_image_padding/lib:/avlcode/workspaces/isaac_ros-dev/install/nvblox_ros_common/lib:/avlcode/workspaces/isaac_ros-dev/install/nvblox_performance_measurement_msgs/lib:/avlcode/workspaces/isaac_ros-dev/install/nvblox_nav2/lib:/avlcode/workspaces/isaac_ros-dev/install/nvblox_msgs/lib:/avlcode/workspaces/isaac_ros-dev/install/nvblox/lib:/avlcode/workspaces/isaac_ros-dev/install/isaac_ros_tensor_list_interfaces/lib:/avlcode/workspaces/isaac_ros-dev/install/isaac_ros_pointcloud_interfaces/lib:/avlcode/workspaces/isaac_ros-dev/install/isaac_ros_common/lib:/avlcode/workspaces/isaac_ros-dev/install/isaac_ros_bi3d_interfaces/lib:/avlcode/workspaces/isaac_ros-dev/install/isaac_ros_apriltag_interfaces/lib:/avlcode/workspaces/isaac_ros-dev/install/image_transport/lib:/avlcode/workspaces/isaac_ros-dev/install/image_geometry/lib:/avlcode/workspaces/isaac_ros-dev/install/geodesy/lib:/avlcode/workspaces/isaac_ros-dev/install/geographic_msgs/lib:/avlcode/workspaces/isaac_ros-dev/install/cv_bridge/lib:/avlcode/workspaces/isaac_ros-dev/install/camera_info_manager/lib:/avlcode/workspaces/isaac_ros-dev/install/camera_calibration_parsers/lib:/avlcode/workspaces/isaac_ros-dev/install/async_web_server_cpp/lib:/usr/lib/aarch64-linux-gnu/tegra/weston:/usr/lib/aarch64-linux-gnu/tegra-egl:/usr/local/cuda-11.4/targets/aarch64-linux/lib:/usr/lib/aarch64-linux-gnu/tegra:/opt/nvidia/vpi2/lib64::/usr/lib/aarch64-linux-gnu-host:/opt/tritonserver/lib'), ('HOME', '/home/admin'), ('ROS_PYTHON_VERSION', '3'), ('USER_UID', '1000'), ('COLCON_PREFIX_PATH', '/opt/ros/humble/install:/avlcode/workspaces/isaac_ros-dev/install'), ('ROS_DISTRO', 'humble'), ('_', '/usr/bin/colcon'), ('ROS_VERSION', '2'), ('PKG_CONFIG_PATH', '/opt/ros/humble/install/lib/aarch64-linux-gnu/pkgconfig:/opt/ros/humble/install/lib/pkgconfig'), ('NVIDIA_DRIVER_CAPABILITIES', 'all'), ('USERNAME', 'admin'), ('TERM', 'xterm'), ('ROS_LOCALHOST_ONLY', '0'), ('PATH', '/opt/ros/humble/install/bin:/avlcode/workspaces/isaac_ros-dev/install/xacro/bin:/usr/local/sbin:/usr/local/bin:/usr/sbin:/usr/bin:/sbin:/bin:/opt/nvidia/tao:/usr/local/cuda/bin'), ('FASTRTPS_DEFAULT_PROFILES_FILE', '/usr/local/share/middleware_profiles/husarnet_fastdds_profile.xml'), ('LD_PRELOAD', '/usr/lib/aarch64-linux-gnu/libgomp.so.1'), ('LANG', 'en_US.UTF-8'), ('RMW_IMPLEMENTATION', 'rmw_fastrtps_cpp'), ('LS_COLORS', 'rs=0:di=01;34:ln=01;36:mh=00:pi=40;33:so=01;35:do=01;35:bd=40;33;01:cd=40;33;01:or=40;31;01:mi=00:su=37;41:sg=30;43:ca=30;41:tw=30;42:ow=34;42:st=37;44:ex=01;32:*.tar=01;31:*.tgz=01;31:*.arc=01;31:*.arj=01;31:*.taz=01;31:*.lha=01;31:*.lz4=01;31:*.lzh=01;31:*.lzma=01;31:*.tlz=01;31:*.txz=01;31:*.tzo=01;31:*.t7z=01;31:*.zip=01;31:*.z=01;31:*.dz=01;31:*.gz=01;31:*.lrz=01;31:*.lz=01;31:*.lzo=01;31:*.xz=01;31:*.zst=01;31:*.tzst=01;31:*.bz2=01;31:*.bz=01;31:*.tbz=01;31:*.tbz2=01;31:*.tz=01;31:*.deb=01;31:*.rpm=01;31:*.jar=01;31:*.war=01;31:*.ear=01;31:*.sar=01;31:*.rar=01;31:*.alz=01;31:*.ace=01;31:*.zoo=01;31:*.cpio=01;31:*.7z=01;31:*.rz=01;31:*.cab=01;31:*.wim=01;31:*.swm=01;31:*.dwm=01;31:*.esd=01;31:*.jpg=01;35:*.jpeg=01;35:*.mjpg=01;35:*.mjpeg=01;35:*.gif=01;35:*.bmp=01;35:*.pbm=01;35:*.pgm=01;35:*.ppm=01;35:*.tga=01;35:*.xbm=01;35:*.xpm=01;35:*.tif=01;35:*.tiff=01;35:*.png=01;35:*.svg=01;35:*.svgz=01;35:*.mng=01;35:*.pcx=01;35:*.mov=01;35:*.mpg=01;35:*.mpeg=01;35:*.m2v=01;35:*.mkv=01;35:*.webm=01;35:*.ogm=01;35:*.mp4=01;35:*.m4v=01;35:*.mp4v=01;35:*.vob=01;35:*.qt=01;35:*.nuv=01;35:*.wmv=01;35:*.asf=01;35:*.rm=01;35:*.rmvb=01;35:*.flc=01;35:*.avi=01;35:*.fli=01;35:*.flv=01;35:*.gl=01;35:*.dl=01;35:*.xcf=01;35:*.xwd=01;35:*.yuv=01;35:*.cgm=01;35:*.emf=01;35:*.ogv=01;35:*.ogx=01;35:*.aac=00;36:*.au=00;36:*.flac=00;36:*.m4a=00;36:*.mid=00;36:*.midi=00;36:*.mka=00;36:*.mp3=00;36:*.mpc=00;36:*.ogg=00;36:*.ra=00;36:*.wav=00;36:*.oga=00;36:*.opus=00;36:*.spx=00;36:*.xspf=00;36:'), ('ROS_ROOT', '/opt/ros/humble'), ('AMENT_PREFIX_PATH', '/opt/ros/humble/install:/avlcode/workspaces/isaac_ros-dev/install/realsense2_description:/avlcode/workspaces/isaac_ros-dev/install/agv_bot_description:/avlcode/workspaces/isaac_ros-dev/install/xacro:/avlcode/workspaces/isaac_ros-dev/install/web_video_server:/avlcode/workspaces/isaac_ros-dev/install/vision_opencv:/avlcode/workspaces/isaac_ros-dev/install/velodyne:/avlcode/workspaces/isaac_ros-dev/install/velodyne_pointcloud:/avlcode/workspaces/isaac_ros-dev/install/velodyne_driver:/avlcode/workspaces/isaac_ros-dev/install/velodyne_msgs:/avlcode/workspaces/isaac_ros-dev/install/velodyne_laserscan:/avlcode/workspaces/isaac_ros-dev/install/twist_mux:/avlcode/workspaces/isaac_ros-dev/install/twist_converter:/avlcode/workspaces/isaac_ros-dev/install/teleop_twist_keyboard:/avlcode/workspaces/isaac_ros-dev/install/teleop_twist_joy:/avlcode/workspaces/isaac_ros-dev/install/semantic_label_conversion:/avlcode/workspaces/isaac_ros-dev/install/road_segmentation:/avlcode/workspaces/isaac_ros-dev/install/realsense_obj_det:/avlcode/workspaces/isaac_ros-dev/install/realsense2_camera:/avlcode/workspaces/isaac_ros-dev/install/realsense2_camera_msgs:/avlcode/workspaces/isaac_ros-dev/install/opencv_tests:/avlcode/workspaces/isaac_ros-dev/install/nvblox_rviz_plugin:/avlcode/workspaces/isaac_ros-dev/install/nvblox_performance_measurement:/avlcode/workspaces/isaac_ros-dev/install/isaac_ros_nvblox:/avlcode/workspaces/isaac_ros-dev/install/nvblox_ros:/avlcode/workspaces/isaac_ros-dev/install/nvblox_image_padding:/avlcode/workspaces/isaac_ros-dev/install/nvblox_ros_common:/avlcode/workspaces/isaac_ros-dev/install/nvblox_performance_measurement_msgs:/avlcode/workspaces/isaac_ros-dev/install/nvblox_nav2:/avlcode/workspaces/isaac_ros-dev/install/nvblox_msgs:/avlcode/workspaces/isaac_ros-dev/install/nvblox_isaac_sim:/avlcode/workspaces/isaac_ros-dev/install/nvblox_examples_bringup:/avlcode/workspaces/isaac_ros-dev/install/nvblox_cpu_gpu_tools:/avlcode/workspaces/isaac_ros-dev/install/motor_control_pkg:/avlcode/workspaces/isaac_ros-dev/install/keyboard_control_pkg:/avlcode/workspaces/isaac_ros-dev/install/keyboard_control:/avlcode/workspaces/isaac_ros-dev/install/joint_state_publisher_gui:/avlcode/workspaces/isaac_ros-dev/install/joint_state_publisher:/avlcode/workspaces/isaac_ros-dev/install/isaac_ros_test:/avlcode/workspaces/isaac_ros-dev/install/isaac_ros_tensor_list_interfaces:/avlcode/workspaces/isaac_ros-dev/install/isaac_ros_pointcloud_interfaces:/avlcode/workspaces/isaac_ros-dev/install/isaac_ros_common:/avlcode/workspaces/isaac_ros-dev/install/isaac_ros_bi3d_interfaces:/avlcode/workspaces/isaac_ros-dev/install/isaac_ros_apriltag_interfaces:/avlcode/workspaces/isaac_ros-dev/install/image_common:/avlcode/workspaces/isaac_ros-dev/install/image_transport:/avlcode/workspaces/isaac_ros-dev/install/image_stitcher:/avlcode/workspaces/isaac_ros-dev/install/gps_package:/avlcode/workspaces/isaac_ros-dev/install/geographic_info:/avlcode/workspaces/isaac_ros-dev/install/geodesy:/avlcode/workspaces/isaac_ros-dev/install/cv_bridge:/avlcode/workspaces/isaac_ros-dev/install/camera_info_manager:/avlcode/workspaces/isaac_ros-dev/install/camera_calibration_parsers:/avlcode/workspaces/isaac_ros-dev/install/async_web_server_cpp'), ('DEBIAN_FRONTEND', 'noninteractive'), ('SHELL', '/bin/bash'), ('LESSCLOSE', '/usr/bin/lesspipe %s %s'), ('PWD', '/avlcode/workspaces/isaac_ros-dev/build/data_logger'), ('PYTHONPATH', '/opt/ros/humble/install/lib/python3.8/site-packages:/avlcode/workspaces/isaac_ros-dev/install/xacro/lib/python3.8/site-packages:/avlcode/workspaces/isaac_ros-dev/install/velodyne_msgs/lib/python3.8/site-packages:/avlcode/workspaces/isaac_ros-dev/install/twist_converter/lib/python3.8/site-packages:/avlcode/workspaces/isaac_ros-dev/install/teleop_twist_keyboard/lib/python3.8/site-packages:/avlcode/workspaces/isaac_ros-dev/install/slam_toolbox/lib/python3.8/site-packages:/avlcode/workspaces/isaac_ros-dev/install/road_segmentation/lib/python3.8/site-packages:/avlcode/workspaces/isaac_ros-dev/install/realsense_obj_det/lib/python3.8/site-packages:/avlcode/workspaces/isaac_ros-dev/install/realsense2_camera_msgs/lib/python3.8/site-packages:/avlcode/workspaces/isaac_ros-dev/install/opencv_tests/lib/python3.8/site-packages:/avlcode/workspaces/isaac_ros-dev/install/nvblox_performance_measurement_msgs/lib/python3.8/site-packages:/avlcode/workspaces/isaac_ros-dev/install/nvblox_msgs/lib/python3.8/site-packages:/avlcode/workspaces/isaac_ros-dev/install/nvblox_isaac_sim/lib/python3.8/site-packages:/avlcode/workspaces/isaac_ros-dev/install/nvblox_cpu_gpu_tools/lib/python3.8/site-packages:/avlcode/workspaces/isaac_ros-dev/install/motor_control_pkg/lib/python3.8/site-packages:/avlcode/workspaces/isaac_ros-dev/install/keyboard_control_pkg/lib/python3.8/site-packages:/avlcode/workspaces/isaac_ros-dev/build/keyboard_control:/avlcode/workspaces/isaac_ros-dev/install/keyboard_control/lib/python3.8/site-packages:/avlcode/workspaces/isaac_ros-dev/install/joint_state_publisher_gui/lib/python3.8/site-packages:/avlcode/workspaces/isaac_ros-dev/install/joint_state_publisher/lib/python3.8/site-packages:/avlcode/workspaces/isaac_ros-dev/install/isaac_ros_test/lib/python3.8/site-packages:/avlcode/workspaces/isaac_ros-dev/install/isaac_ros_tensor_list_interfaces/lib/python3.8/site-packages:/avlcode/workspaces/isaac_ros-dev/install/isaac_ros_pointcloud_interfaces/lib/python3.8/site-packages:/avlcode/workspaces/isaac_ros-dev/install/isaac_ros_bi3d_interfaces/lib/python3.8/site-packages:/avlcode/workspaces/isaac_ros-dev/install/isaac_ros_apriltag_interfaces/lib/python3.8/site-packages:/avlcode/workspaces/isaac_ros-dev/install/image_stitcher/lib/python3.8/site-packages:/avlcode/workspaces/isaac_ros-dev/install/image_geometry/lib/python3.8/site-packages:/avlcode/workspaces/isaac_ros-dev/install/gps_package/lib/python3.8/site-packages:/avlcode/workspaces/isaac_ros-dev/install/geodesy/lib/python3.8/site-packages:/avlcode/workspaces/isaac_ros-dev/install/geographic_msgs/lib/python3.8/site-packages:/avlcode/workspaces/isaac_ros-dev/install/cv_bridge/lib/python3.8/site-packages'), ('NVIDIA_VISIBLE_DEVICES', 'all'), ('USER_GID', '1000'), ('COLCON', '1'), ('CMAKE_PREFIX_PATH', '/opt/ros/humble/install:/avlcode/workspaces/isaac_ros-dev/install/realsense2_description:/avlcode/workspaces/isaac_ros-dev/install/agv_bot_description:/avlcode/workspaces/isaac_ros-dev/install/xacro:/avlcode/workspaces/isaac_ros-dev/install/web_video_server:/avlcode/workspaces/isaac_ros-dev/install/vision_opencv:/avlcode/workspaces/isaac_ros-dev/install/velodyne:/avlcode/workspaces/isaac_ros-dev/install/velodyne_pointcloud:/avlcode/workspaces/isaac_ros-dev/install/velodyne_driver:/avlcode/workspaces/isaac_ros-dev/install/velodyne_msgs:/avlcode/workspaces/isaac_ros-dev/install/velodyne_laserscan:/avlcode/workspaces/isaac_ros-dev/install/teleop_twist_joy:/avlcode/workspaces/isaac_ros-dev/install/slam_toolbox:/avlcode/workspaces/isaac_ros-dev/install/semantic_label_conversion:/avlcode/workspaces/isaac_ros-dev/install/realsense2_camera:/avlcode/workspaces/isaac_ros-dev/install/realsense2_camera_msgs:/avlcode/workspaces/isaac_ros-dev/install/nvblox_rviz_plugin:/avlcode/workspaces/isaac_ros-dev/install/nvblox_performance_measurement:/avlcode/workspaces/isaac_ros-dev/install/isaac_ros_nvblox:/avlcode/workspaces/isaac_ros-dev/install/nvblox_ros:/avlcode/workspaces/isaac_ros-dev/install/nvblox_image_padding:/avlcode/workspaces/isaac_ros-dev/install/nvblox_ros_common:/avlcode/workspaces/isaac_ros-dev/install/nvblox_performance_measurement_msgs:/avlcode/workspaces/isaac_ros-dev/install/nvblox_nav2:/avlcode/workspaces/isaac_ros-dev/install/nvblox_msgs:/avlcode/workspaces/isaac_ros-dev/install/nvblox_examples_bringup:/avlcode/workspaces/isaac_ros-dev/install/nvblox:/avlcode/workspaces/isaac_ros-dev/install/isaac_ros_tensor_list_interfaces:/avlcode/workspaces/isaac_ros-dev/install/isaac_ros_pointcloud_interfaces:/avlcode/workspaces/isaac_ros-dev/install/isaac_ros_common:/avlcode/workspaces/isaac_ros-dev/install/isaac_ros_bi3d_interfaces:/avlcode/workspaces/isaac_ros-dev/install/isaac_ros_apriltag_interfaces:/avlcode/workspaces/isaac_ros-dev/install/image_common:/avlcode/workspaces/isaac_ros-dev/install/image_transport:/avlcode/workspaces/isaac_ros-dev/install/image_geometry:/avlcode/workspaces/isaac_ros-dev/install/geographic_info:/avlcode/workspaces/isaac_ros-dev/install/geodesy:/avlcode/workspaces/isaac_ros-dev/install/geographic_msgs:/avlcode/workspaces/isaac_ros-dev/install/cv_bridge:/avlcode/workspaces/isaac_ros-dev/install/camera_info_manager:/avlcode/workspaces/isaac_ros-dev/install/camera_calibration_parsers')]), 'shell': False}
[0.099027] (-) TimerEvent: {}
[0.104540] (data_logger) StdoutLine: {'line': b'-- Found ament_cmake: 1.3.3 (/opt/ros/humble/install/share/ament_cmake/cmake)\n'}
[0.199283] (-) TimerEvent: {}
[0.300087] (-) TimerEvent: {}
[0.400875] (-) TimerEvent: {}
[0.428173] (data_logger) StdoutLine: {'line': b'-- Override CMake install command with custom implementation using symlinks instead of copying resources\n'}
[0.447618] (data_logger) StdoutLine: {'line': b'-- Found ament_lint_auto: 0.12.5 (/opt/ros/humble/install/share/ament_lint_auto/cmake)\n'}
[0.500963] (-) TimerEvent: {}
[0.587546] (data_logger) StderrLine: {'line': b"Error parsing '/avlcode/workspaces/isaac_ros-dev/src/data_logger/package.xml':\n"}
[0.601136] (-) TimerEvent: {}
[0.701878] (-) TimerEvent: {}
[0.802699] (-) TimerEvent: {}
[0.883465] (data_logger) StderrLine: {'line': b'Traceback (most recent call last):\n'}
[0.884000] (data_logger) StderrLine: {'line': b'  File "/usr/lib/python3/dist-packages/catkin_pkg/package.py", line 610, in parse_package_string\n'}
[0.884188] (data_logger) StderrLine: {'line': b'    root = dom.parseString(data)\n'}
[0.884339] (data_logger) StderrLine: {'line': b'  File "/usr/lib/python3.8/xml/dom/minidom.py", line 1969, in parseString\n'}
[0.884482] (data_logger) StderrLine: {'line': b'    return expatbuilder.parseString(string)\n'}
[0.884618] (data_logger) StderrLine: {'line': b'  File "/usr/lib/python3.8/xml/dom/expatbuilder.py", line 925, in parseString\n'}
[0.884752] (data_logger) StderrLine: {'line': b'    return builder.parseString(string)\n'}
[0.884880] (data_logger) StderrLine: {'line': b'  File "/usr/lib/python3.8/xml/dom/expatbuilder.py", line 223, in parseString\n'}
[0.885010] (data_logger) StderrLine: {'line': b'    parser.Parse(string, True)\n'}
[0.885137] (data_logger) StderrLine: {'line': b'xml.parsers.expat.ExpatError: XML or text declaration not at start of entity: line 32, column 0\n'}
[0.885266] (data_logger) StderrLine: {'line': b'\n'}
[0.885394] (data_logger) StderrLine: {'line': b'During handling of the above exception, another exception occurred:\n'}
[0.885520] (data_logger) StderrLine: {'line': b'\n'}
[0.885643] (data_logger) StderrLine: {'line': b'Traceback (most recent call last):\n'}
[0.885766] (data_logger) StderrLine: {'line': b'  File "/opt/ros/humble/install/share/ament_cmake_core/cmake/core/package_xml_2_cmake.py", line 150, in <module>\n'}
[0.885897] (data_logger) StderrLine: {'line': b'    main()\n'}
[0.886020] (data_logger) StderrLine: {'line': b'  File "/opt/ros/humble/install/share/ament_cmake_core/cmake/core/package_xml_2_cmake.py", line 53, in main\n'}
[0.886192] (data_logger) StderrLine: {'line': b'    raise e\n'}
[0.886344] (data_logger) StderrLine: {'line': b'  File "/opt/ros/humble/install/share/ament_cmake_core/cmake/core/package_xml_2_cmake.py", line 49, in main\n'}
[0.886497] (data_logger) StderrLine: {'line': b'    package = parse_package_string(\n'}
[0.886634] (data_logger) StderrLine: {'line': b'  File "/usr/lib/python3/dist-packages/catkin_pkg/package.py", line 612, in parse_package_string\n'}
[0.886762] (data_logger) StderrLine: {'line': b"    raise InvalidPackage('The manifest contains invalid XML:\\n%s' % ex, filename)\n"}
[0.886893] (data_logger) StderrLine: {'line': b"catkin_pkg.package.InvalidPackage: Error(s) in package '/avlcode/workspaces/isaac_ros-dev/src/data_logger/package.xml':\n"}
[0.887029] (data_logger) StderrLine: {'line': b'The manifest contains invalid XML:\n'}
[0.887153] (data_logger) StderrLine: {'line': b'XML or text declaration not at start of entity: line 32, column 0\n'}
[0.902808] (-) TimerEvent: {}
[0.943297] (data_logger) StderrLine: {'line': b'\x1b[31mCMake Error at /opt/ros/humble/install/share/ament_cmake_core/cmake/core/ament_package_xml.cmake:95 (message):\n'}
[0.944391] (data_logger) StderrLine: {'line': b'  execute_process(/usr/bin/python3.8\n'}
[0.944794] (data_logger) StderrLine: {'line': b'  /opt/ros/humble/install/share/ament_cmake_core/cmake/core/package_xml_2_cmake.py\n'}
[0.945112] (data_logger) StderrLine: {'line': b'  /avlcode/workspaces/isaac_ros-dev/src/data_logger/package.xml\n'}
[0.945407] (data_logger) StderrLine: {'line': b'  /avlcode/workspaces/isaac_ros-dev/build/data_logger/ament_cmake_core/package.cmake)\n'}
[0.945682] (data_logger) StderrLine: {'line': b'  returned error code 1\n'}
[0.945958] (data_logger) StderrLine: {'line': b'Call Stack (most recent call first):\n'}
[0.946219] (data_logger) StderrLine: {'line': b'  /opt/ros/humble/install/share/ament_cmake_core/cmake/core/ament_package_xml.cmake:49 (_ament_package_xml)\n'}
[0.946544] (data_logger) StderrLine: {'line': b'  /opt/ros/humble/install/share/ament_lint_auto/cmake/ament_lint_auto_find_test_dependencies.cmake:31 (ament_package_xml)\n'}
[0.946814] (data_logger) StderrLine: {'line': b'  CMakeLists.txt:32 (ament_lint_auto_find_test_dependencies)\n'}
[0.947068] (data_logger) StderrLine: {'line': b'\n'}
[0.947316] (data_logger) StderrLine: {'line': b'\x1b[0m\n'}
[0.947560] (data_logger) StdoutLine: {'line': b'-- Configuring incomplete, errors occurred!\n'}
[0.947842] (data_logger) StdoutLine: {'line': b'See also "/avlcode/workspaces/isaac_ros-dev/build/data_logger/CMakeFiles/CMakeOutput.log".\n'}
[0.952494] (data_logger) CommandEnded: {'returncode': 1}
[0.954067] (data_logger) JobEnded: {'identifier': 'data_logger', 'rc': 1}
[0.965674] (-) EventReactorShutdown: {}
