[0.076s] Invoking command in '/avlcode/workspaces/isaac_ros-dev/build/data_logger': CMAKE_PREFIX_PATH=/avlcode/workspaces/isaac_ros-dev/install/image_transport:/avlcode/workspaces/isaac_ros-dev/install/cv_bridge:/opt/ros/humble/install:/avlcode/workspaces/isaac_ros-dev/install/realsense2_description:/avlcode/workspaces/isaac_ros-dev/install/agv_bot_description:/avlcode/workspaces/isaac_ros-dev/install/xacro:/avlcode/workspaces/isaac_ros-dev/install/web_video_server:/avlcode/workspaces/isaac_ros-dev/install/vision_opencv:/avlcode/workspaces/isaac_ros-dev/install/velodyne:/avlcode/workspaces/isaac_ros-dev/install/velodyne_pointcloud:/avlcode/workspaces/isaac_ros-dev/install/velodyne_driver:/avlcode/workspaces/isaac_ros-dev/install/velodyne_msgs:/avlcode/workspaces/isaac_ros-dev/install/velodyne_laserscan:/avlcode/workspaces/isaac_ros-dev/install/teleop_twist_joy:/avlcode/workspaces/isaac_ros-dev/install/slam_toolbox:/avlcode/workspaces/isaac_ros-dev/install/semantic_label_conversion:/avlcode/workspaces/isaac_ros-dev/install/realsense2_camera:/avlcode/workspaces/isaac_ros-dev/install/realsense2_camera_msgs:/avlcode/workspaces/isaac_ros-dev/install/nvblox_rviz_plugin:/avlcode/workspaces/isaac_ros-dev/install/nvblox_performance_measurement:/avlcode/workspaces/isaac_ros-dev/install/isaac_ros_nvblox:/avlcode/workspaces/isaac_ros-dev/install/nvblox_ros:/avlcode/workspaces/isaac_ros-dev/install/nvblox_image_padding:/avlcode/workspaces/isaac_ros-dev/install/nvblox_ros_common:/avlcode/workspaces/isaac_ros-dev/install/nvblox_performance_measurement_msgs:/avlcode/workspaces/isaac_ros-dev/install/nvblox_nav2:/avlcode/workspaces/isaac_ros-dev/install/nvblox_msgs:/avlcode/workspaces/isaac_ros-dev/install/nvblox_examples_bringup:/avlcode/workspaces/isaac_ros-dev/install/nvblox:/avlcode/workspaces/isaac_ros-dev/install/isaac_ros_tensor_list_interfaces:/avlcode/workspaces/isaac_ros-dev/install/isaac_ros_pointcloud_interfaces:/avlcode/workspaces/isaac_ros-dev/install/isaac_ros_common:/avlcode/workspaces/isaac_ros-dev/install/isaac_ros_bi3d_interfaces:/avlcode/workspaces/isaac_ros-dev/install/isaac_ros_apriltag_interfaces:/avlcode/workspaces/isaac_ros-dev/install/image_common:/avlcode/workspaces/isaac_ros-dev/install/image_geometry:/avlcode/workspaces/isaac_ros-dev/install/geographic_info:/avlcode/workspaces/isaac_ros-dev/install/geodesy:/avlcode/workspaces/isaac_ros-dev/install/geographic_msgs:/avlcode/workspaces/isaac_ros-dev/install/camera_info_manager:/avlcode/workspaces/isaac_ros-dev/install/camera_calibration_parsers LD_LIBRARY_PATH=/avlcode/workspaces/isaac_ros-dev/install/image_transport/lib:/avlcode/workspaces/isaac_ros-dev/install/cv_bridge/lib:/opt/ros/humble/install/opt/rviz_ogre_vendor/lib:/opt/ros/humble/install/lib:/avlcode/workspaces/isaac_ros-dev/install/velodyne_pointcloud/lib:/avlcode/workspaces/isaac_ros-dev/install/velodyne_driver/lib:/avlcode/workspaces/isaac_ros-dev/install/velodyne_msgs/lib:/avlcode/workspaces/isaac_ros-dev/install/velodyne_laserscan/lib:/avlcode/workspaces/isaac_ros-dev/install/teleop_twist_joy/lib:/avlcode/workspaces/isaac_ros-dev/install/slam_toolbox/lib:/avlcode/workspaces/isaac_ros-dev/install/realsense2_camera/lib:/avlcode/workspaces/isaac_ros-dev/install/realsense2_camera_msgs/lib:/avlcode/workspaces/isaac_ros-dev/install/nvblox_rviz_plugin/lib:/avlcode/workspaces/isaac_ros-dev/install/nvblox_ros/lib:/avlcode/workspaces/isaac_ros-dev/install/nvblox_image_padding/lib:/avlcode/workspaces/isaac_ros-dev/install/nvblox_ros_common/lib:/avlcode/workspaces/isaac_ros-dev/install/nvblox_performance_measurement_msgs/lib:/avlcode/workspaces/isaac_ros-dev/install/nvblox_nav2/lib:/avlcode/workspaces/isaac_ros-dev/install/nvblox_msgs/lib:/avlcode/workspaces/isaac_ros-dev/install/nvblox/lib:/avlcode/workspaces/isaac_ros-dev/install/isaac_ros_tensor_list_interfaces/lib:/avlcode/workspaces/isaac_ros-dev/install/isaac_ros_pointcloud_interfaces/lib:/avlcode/workspaces/isaac_ros-dev/install/isaac_ros_common/lib:/avlcode/workspaces/isaac_ros-dev/install/isaac_ros_bi3d_interfaces/lib:/avlcode/workspaces/isaac_ros-dev/install/isaac_ros_apriltag_interfaces/lib:/avlcode/workspaces/isaac_ros-dev/install/image_geometry/lib:/avlcode/workspaces/isaac_ros-dev/install/geodesy/lib:/avlcode/workspaces/isaac_ros-dev/install/geographic_msgs/lib:/avlcode/workspaces/isaac_ros-dev/install/camera_info_manager/lib:/avlcode/workspaces/isaac_ros-dev/install/camera_calibration_parsers/lib:/avlcode/workspaces/isaac_ros-dev/install/async_web_server_cpp/lib:/usr/lib/aarch64-linux-gnu/tegra/weston:/usr/lib/aarch64-linux-gnu/tegra-egl:/usr/local/cuda-11.4/targets/aarch64-linux/lib:/usr/lib/aarch64-linux-gnu/tegra:/opt/nvidia/vpi2/lib64:/usr/lib/aarch64-linux-gnu-host:/opt/tritonserver/lib PYTHONPATH=/avlcode/workspaces/isaac_ros-dev/install/cv_bridge/lib/python3.8/site-packages:/opt/ros/humble/install/lib/python3.8/site-packages:/avlcode/workspaces/isaac_ros-dev/install/xacro/lib/python3.8/site-packages:/avlcode/workspaces/isaac_ros-dev/install/velodyne_msgs/lib/python3.8/site-packages:/avlcode/workspaces/isaac_ros-dev/install/twist_converter/lib/python3.8/site-packages:/avlcode/workspaces/isaac_ros-dev/install/teleop_twist_keyboard/lib/python3.8/site-packages:/avlcode/workspaces/isaac_ros-dev/install/slam_toolbox/lib/python3.8/site-packages:/avlcode/workspaces/isaac_ros-dev/install/road_segmentation/lib/python3.8/site-packages:/avlcode/workspaces/isaac_ros-dev/install/realsense_obj_det/lib/python3.8/site-packages:/avlcode/workspaces/isaac_ros-dev/install/realsense2_camera_msgs/lib/python3.8/site-packages:/avlcode/workspaces/isaac_ros-dev/install/opencv_tests/lib/python3.8/site-packages:/avlcode/workspaces/isaac_ros-dev/install/nvblox_performance_measurement_msgs/lib/python3.8/site-packages:/avlcode/workspaces/isaac_ros-dev/install/nvblox_msgs/lib/python3.8/site-packages:/avlcode/workspaces/isaac_ros-dev/install/nvblox_isaac_sim/lib/python3.8/site-packages:/avlcode/workspaces/isaac_ros-dev/install/nvblox_cpu_gpu_tools/lib/python3.8/site-packages:/avlcode/workspaces/isaac_ros-dev/install/motor_control_pkg/lib/python3.8/site-packages:/avlcode/workspaces/isaac_ros-dev/install/keyboard_control_pkg/lib/python3.8/site-packages:/avlcode/workspaces/isaac_ros-dev/build/keyboard_control:/avlcode/workspaces/isaac_ros-dev/install/keyboard_control/lib/python3.8/site-packages:/avlcode/workspaces/isaac_ros-dev/install/joint_state_publisher_gui/lib/python3.8/site-packages:/avlcode/workspaces/isaac_ros-dev/install/joint_state_publisher/lib/python3.8/site-packages:/avlcode/workspaces/isaac_ros-dev/install/isaac_ros_test/lib/python3.8/site-packages:/avlcode/workspaces/isaac_ros-dev/install/isaac_ros_tensor_list_interfaces/lib/python3.8/site-packages:/avlcode/workspaces/isaac_ros-dev/install/isaac_ros_pointcloud_interfaces/lib/python3.8/site-packages:/avlcode/workspaces/isaac_ros-dev/install/isaac_ros_bi3d_interfaces/lib/python3.8/site-packages:/avlcode/workspaces/isaac_ros-dev/install/isaac_ros_apriltag_interfaces/lib/python3.8/site-packages:/avlcode/workspaces/isaac_ros-dev/install/image_stitcher/lib/python3.8/site-packages:/avlcode/workspaces/isaac_ros-dev/install/image_geometry/lib/python3.8/site-packages:/avlcode/workspaces/isaac_ros-dev/install/gps_package/lib/python3.8/site-packages:/avlcode/workspaces/isaac_ros-dev/install/geodesy/lib/python3.8/site-packages:/avlcode/workspaces/isaac_ros-dev/install/geographic_msgs/lib/python3.8/site-packages /usr/bin/cmake /avlcode/workspaces/isaac_ros-dev/src/data_logger -DCMAKE_INSTALL_PREFIX=/avlcode/workspaces/isaac_ros-dev/install/data_logger
[0.107s] -- Found ament_cmake: 1.3.3 (/opt/ros/humble/install/share/ament_cmake/cmake)
[0.431s] -- Override CMake install command with custom implementation using symlinks instead of copying resources
[0.451s] -- Found rclcpp: 16.0.3 (/opt/ros/humble/install/share/rclcpp/cmake)
[0.567s] -- Found rosidl_generator_c: 3.1.4 (/opt/ros/humble/install/share/rosidl_generator_c/cmake)
[0.579s] -- Found rosidl_adapter: 3.1.4 (/opt/ros/humble/install/share/rosidl_adapter/cmake)
[0.601s] -- Found rosidl_generator_cpp: 3.1.4 (/opt/ros/humble/install/share/rosidl_generator_cpp/cmake)
[0.642s] -- Using all available rosidl_typesupport_c: rosidl_typesupport_fastrtps_c;rosidl_typesupport_introspection_c
[0.692s] -- Using all available rosidl_typesupport_cpp: rosidl_typesupport_fastrtps_cpp;rosidl_typesupport_introspection_cpp
[0.856s] -- Found rmw_implementation_cmake: 6.1.1 (/opt/ros/humble/install/share/rmw_implementation_cmake/cmake)
[0.867s] -- Found rmw_fastrtps_cpp: 6.2.2 (/opt/ros/humble/install/share/rmw_fastrtps_cpp/cmake)
[1.278s] -- Found OpenSSL: /usr/lib/aarch64-linux-gnu/libcrypto.so (found version "1.1.1f")  
[1.378s] -- Found FastRTPS: /opt/ros/humble/install/include  
[1.542s] -- Using RMW implementation 'rmw_fastrtps_cpp' as default
[1.577s] -- Looking for pthread.h
[1.747s] -- Looking for pthread.h - found
[1.747s] -- Performing Test CMAKE_HAVE_LIBC_PTHREAD
[1.922s] -- Performing Test CMAKE_HAVE_LIBC_PTHREAD - Failed
[1.922s] -- Looking for pthread_create in pthreads
[2.070s] -- Looking for pthread_create in pthreads - not found
[2.071s] -- Looking for pthread_create in pthread
[2.246s] -- Looking for pthread_create in pthread - found
[2.249s] -- Found Threads: TRUE  
[2.636s] -- Found OpenCV: /usr (found version "4.2.0") 
[2.638s] -- Found cv_bridge: 3.4.0 (/avlcode/workspaces/isaac_ros-dev/install/cv_bridge/share/cv_bridge/cmake)
[2.939s] -- Found image_transport: 4.5.1 (/avlcode/workspaces/isaac_ros-dev/install/image_transport/share/image_transport/cmake)
[3.068s] -- Found ament_lint_auto: 0.12.5 (/opt/ros/humble/install/share/ament_lint_auto/cmake)
[3.205s] Error parsing '/avlcode/workspaces/isaac_ros-dev/src/data_logger/package.xml':
[3.489s] Traceback (most recent call last):
[3.489s]   File "/usr/lib/python3/dist-packages/catkin_pkg/package.py", line 610, in parse_package_string
[3.490s]     root = dom.parseString(data)
[3.490s]   File "/usr/lib/python3.8/xml/dom/minidom.py", line 1969, in parseString
[3.490s]     return expatbuilder.parseString(string)
[3.491s]   File "/usr/lib/python3.8/xml/dom/expatbuilder.py", line 925, in parseString
[3.491s]     return builder.parseString(string)
[3.491s]   File "/usr/lib/python3.8/xml/dom/expatbuilder.py", line 223, in parseString
[3.491s]     parser.Parse(string, True)
[3.492s] xml.parsers.expat.ExpatError: XML or text declaration not at start of entity: line 32, column 0
[3.492s] 
[3.492s] During handling of the above exception, another exception occurred:
[3.492s] 
[3.492s] Traceback (most recent call last):
[3.493s]   File "/opt/ros/humble/install/share/ament_cmake_core/cmake/core/package_xml_2_cmake.py", line 150, in <module>
[3.493s]     main()
[3.493s]   File "/opt/ros/humble/install/share/ament_cmake_core/cmake/core/package_xml_2_cmake.py", line 53, in main
[3.493s]     raise e
[3.494s]   File "/opt/ros/humble/install/share/ament_cmake_core/cmake/core/package_xml_2_cmake.py", line 49, in main
[3.494s]     package = parse_package_string(
[3.494s]   File "/usr/lib/python3/dist-packages/catkin_pkg/package.py", line 612, in parse_package_string
[3.494s]     raise InvalidPackage('The manifest contains invalid XML:\n%s' % ex, filename)
[3.495s] catkin_pkg.package.InvalidPackage: Error(s) in package '/avlcode/workspaces/isaac_ros-dev/src/data_logger/package.xml':
[3.495s] The manifest contains invalid XML:
[3.495s] XML or text declaration not at start of entity: line 32, column 0
[3.550s] [31mCMake Error at /opt/ros/humble/install/share/ament_cmake_core/cmake/core/ament_package_xml.cmake:95 (message):
[3.551s]   execute_process(/usr/bin/python3.8
[3.551s]   /opt/ros/humble/install/share/ament_cmake_core/cmake/core/package_xml_2_cmake.py
[3.551s]   /avlcode/workspaces/isaac_ros-dev/src/data_logger/package.xml
[3.551s]   /avlcode/workspaces/isaac_ros-dev/build/data_logger/ament_cmake_core/package.cmake)
[3.552s]   returned error code 1
[3.552s] Call Stack (most recent call first):
[3.552s]   /opt/ros/humble/install/share/ament_cmake_core/cmake/core/ament_package_xml.cmake:49 (_ament_package_xml)
[3.552s]   /opt/ros/humble/install/share/ament_lint_auto/cmake/ament_lint_auto_find_test_dependencies.cmake:31 (ament_package_xml)
[3.553s]   CMakeLists.txt:89 (ament_lint_auto_find_test_dependencies)
[3.553s] 
[3.553s] [0m
[3.553s] -- Configuring incomplete, errors occurred!
[3.554s] See also "/avlcode/workspaces/isaac_ros-dev/build/data_logger/CMakeFiles/CMakeOutput.log".
[3.554s] See also "/avlcode/workspaces/isaac_ros-dev/build/data_logger/CMakeFiles/CMakeError.log".
[3.572s] Invoked command in '/avlcode/workspaces/isaac_ros-dev/build/data_logger' returned '1': CMAKE_PREFIX_PATH=/avlcode/workspaces/isaac_ros-dev/install/image_transport:/avlcode/workspaces/isaac_ros-dev/install/cv_bridge:/opt/ros/humble/install:/avlcode/workspaces/isaac_ros-dev/install/realsense2_description:/avlcode/workspaces/isaac_ros-dev/install/agv_bot_description:/avlcode/workspaces/isaac_ros-dev/install/xacro:/avlcode/workspaces/isaac_ros-dev/install/web_video_server:/avlcode/workspaces/isaac_ros-dev/install/vision_opencv:/avlcode/workspaces/isaac_ros-dev/install/velodyne:/avlcode/workspaces/isaac_ros-dev/install/velodyne_pointcloud:/avlcode/workspaces/isaac_ros-dev/install/velodyne_driver:/avlcode/workspaces/isaac_ros-dev/install/velodyne_msgs:/avlcode/workspaces/isaac_ros-dev/install/velodyne_laserscan:/avlcode/workspaces/isaac_ros-dev/install/teleop_twist_joy:/avlcode/workspaces/isaac_ros-dev/install/slam_toolbox:/avlcode/workspaces/isaac_ros-dev/install/semantic_label_conversion:/avlcode/workspaces/isaac_ros-dev/install/realsense2_camera:/avlcode/workspaces/isaac_ros-dev/install/realsense2_camera_msgs:/avlcode/workspaces/isaac_ros-dev/install/nvblox_rviz_plugin:/avlcode/workspaces/isaac_ros-dev/install/nvblox_performance_measurement:/avlcode/workspaces/isaac_ros-dev/install/isaac_ros_nvblox:/avlcode/workspaces/isaac_ros-dev/install/nvblox_ros:/avlcode/workspaces/isaac_ros-dev/install/nvblox_image_padding:/avlcode/workspaces/isaac_ros-dev/install/nvblox_ros_common:/avlcode/workspaces/isaac_ros-dev/install/nvblox_performance_measurement_msgs:/avlcode/workspaces/isaac_ros-dev/install/nvblox_nav2:/avlcode/workspaces/isaac_ros-dev/install/nvblox_msgs:/avlcode/workspaces/isaac_ros-dev/install/nvblox_examples_bringup:/avlcode/workspaces/isaac_ros-dev/install/nvblox:/avlcode/workspaces/isaac_ros-dev/install/isaac_ros_tensor_list_interfaces:/avlcode/workspaces/isaac_ros-dev/install/isaac_ros_pointcloud_interfaces:/avlcode/workspaces/isaac_ros-dev/install/isaac_ros_common:/avlcode/workspaces/isaac_ros-dev/install/isaac_ros_bi3d_interfaces:/avlcode/workspaces/isaac_ros-dev/install/isaac_ros_apriltag_interfaces:/avlcode/workspaces/isaac_ros-dev/install/image_common:/avlcode/workspaces/isaac_ros-dev/install/image_geometry:/avlcode/workspaces/isaac_ros-dev/install/geographic_info:/avlcode/workspaces/isaac_ros-dev/install/geodesy:/avlcode/workspaces/isaac_ros-dev/install/geographic_msgs:/avlcode/workspaces/isaac_ros-dev/install/camera_info_manager:/avlcode/workspaces/isaac_ros-dev/install/camera_calibration_parsers LD_LIBRARY_PATH=/avlcode/workspaces/isaac_ros-dev/install/image_transport/lib:/avlcode/workspaces/isaac_ros-dev/install/cv_bridge/lib:/opt/ros/humble/install/opt/rviz_ogre_vendor/lib:/opt/ros/humble/install/lib:/avlcode/workspaces/isaac_ros-dev/install/velodyne_pointcloud/lib:/avlcode/workspaces/isaac_ros-dev/install/velodyne_driver/lib:/avlcode/workspaces/isaac_ros-dev/install/velodyne_msgs/lib:/avlcode/workspaces/isaac_ros-dev/install/velodyne_laserscan/lib:/avlcode/workspaces/isaac_ros-dev/install/teleop_twist_joy/lib:/avlcode/workspaces/isaac_ros-dev/install/slam_toolbox/lib:/avlcode/workspaces/isaac_ros-dev/install/realsense2_camera/lib:/avlcode/workspaces/isaac_ros-dev/install/realsense2_camera_msgs/lib:/avlcode/workspaces/isaac_ros-dev/install/nvblox_rviz_plugin/lib:/avlcode/workspaces/isaac_ros-dev/install/nvblox_ros/lib:/avlcode/workspaces/isaac_ros-dev/install/nvblox_image_padding/lib:/avlcode/workspaces/isaac_ros-dev/install/nvblox_ros_common/lib:/avlcode/workspaces/isaac_ros-dev/install/nvblox_performance_measurement_msgs/lib:/avlcode/workspaces/isaac_ros-dev/install/nvblox_nav2/lib:/avlcode/workspaces/isaac_ros-dev/install/nvblox_msgs/lib:/avlcode/workspaces/isaac_ros-dev/install/nvblox/lib:/avlcode/workspaces/isaac_ros-dev/install/isaac_ros_tensor_list_interfaces/lib:/avlcode/workspaces/isaac_ros-dev/install/isaac_ros_pointcloud_interfaces/lib:/avlcode/workspaces/isaac_ros-dev/install/isaac_ros_common/lib:/avlcode/workspaces/isaac_ros-dev/install/isaac_ros_bi3d_interfaces/lib:/avlcode/workspaces/isaac_ros-dev/install/isaac_ros_apriltag_interfaces/lib:/avlcode/workspaces/isaac_ros-dev/install/image_geometry/lib:/avlcode/workspaces/isaac_ros-dev/install/geodesy/lib:/avlcode/workspaces/isaac_ros-dev/install/geographic_msgs/lib:/avlcode/workspaces/isaac_ros-dev/install/camera_info_manager/lib:/avlcode/workspaces/isaac_ros-dev/install/camera_calibration_parsers/lib:/avlcode/workspaces/isaac_ros-dev/install/async_web_server_cpp/lib:/usr/lib/aarch64-linux-gnu/tegra/weston:/usr/lib/aarch64-linux-gnu/tegra-egl:/usr/local/cuda-11.4/targets/aarch64-linux/lib:/usr/lib/aarch64-linux-gnu/tegra:/opt/nvidia/vpi2/lib64:/usr/lib/aarch64-linux-gnu-host:/opt/tritonserver/lib PYTHONPATH=/avlcode/workspaces/isaac_ros-dev/install/cv_bridge/lib/python3.8/site-packages:/opt/ros/humble/install/lib/python3.8/site-packages:/avlcode/workspaces/isaac_ros-dev/install/xacro/lib/python3.8/site-packages:/avlcode/workspaces/isaac_ros-dev/install/velodyne_msgs/lib/python3.8/site-packages:/avlcode/workspaces/isaac_ros-dev/install/twist_converter/lib/python3.8/site-packages:/avlcode/workspaces/isaac_ros-dev/install/teleop_twist_keyboard/lib/python3.8/site-packages:/avlcode/workspaces/isaac_ros-dev/install/slam_toolbox/lib/python3.8/site-packages:/avlcode/workspaces/isaac_ros-dev/install/road_segmentation/lib/python3.8/site-packages:/avlcode/workspaces/isaac_ros-dev/install/realsense_obj_det/lib/python3.8/site-packages:/avlcode/workspaces/isaac_ros-dev/install/realsense2_camera_msgs/lib/python3.8/site-packages:/avlcode/workspaces/isaac_ros-dev/install/opencv_tests/lib/python3.8/site-packages:/avlcode/workspaces/isaac_ros-dev/install/nvblox_performance_measurement_msgs/lib/python3.8/site-packages:/avlcode/workspaces/isaac_ros-dev/install/nvblox_msgs/lib/python3.8/site-packages:/avlcode/workspaces/isaac_ros-dev/install/nvblox_isaac_sim/lib/python3.8/site-packages:/avlcode/workspaces/isaac_ros-dev/install/nvblox_cpu_gpu_tools/lib/python3.8/site-packages:/avlcode/workspaces/isaac_ros-dev/install/motor_control_pkg/lib/python3.8/site-packages:/avlcode/workspaces/isaac_ros-dev/install/keyboard_control_pkg/lib/python3.8/site-packages:/avlcode/workspaces/isaac_ros-dev/build/keyboard_control:/avlcode/workspaces/isaac_ros-dev/install/keyboard_control/lib/python3.8/site-packages:/avlcode/workspaces/isaac_ros-dev/install/joint_state_publisher_gui/lib/python3.8/site-packages:/avlcode/workspaces/isaac_ros-dev/install/joint_state_publisher/lib/python3.8/site-packages:/avlcode/workspaces/isaac_ros-dev/install/isaac_ros_test/lib/python3.8/site-packages:/avlcode/workspaces/isaac_ros-dev/install/isaac_ros_tensor_list_interfaces/lib/python3.8/site-packages:/avlcode/workspaces/isaac_ros-dev/install/isaac_ros_pointcloud_interfaces/lib/python3.8/site-packages:/avlcode/workspaces/isaac_ros-dev/install/isaac_ros_bi3d_interfaces/lib/python3.8/site-packages:/avlcode/workspaces/isaac_ros-dev/install/isaac_ros_apriltag_interfaces/lib/python3.8/site-packages:/avlcode/workspaces/isaac_ros-dev/install/image_stitcher/lib/python3.8/site-packages:/avlcode/workspaces/isaac_ros-dev/install/image_geometry/lib/python3.8/site-packages:/avlcode/workspaces/isaac_ros-dev/install/gps_package/lib/python3.8/site-packages:/avlcode/workspaces/isaac_ros-dev/install/geodesy/lib/python3.8/site-packages:/avlcode/workspaces/isaac_ros-dev/install/geographic_msgs/lib/python3.8/site-packages /usr/bin/cmake /avlcode/workspaces/isaac_ros-dev/src/data_logger -DCMAKE_INSTALL_PREFIX=/avlcode/workspaces/isaac_ros-dev/install/data_logger
