[0.000000] (-) TimerEvent: {}
[0.000695] (-) JobUnselected: {'identifier': 'agv_bot_description'}
[0.000951] (-) JobUnselected: {'identifier': 'async_web_server_cpp'}
[0.001544] (-) JobUnselected: {'identifier': 'camera_calibration_parsers'}
[0.003650] (-) JobUnselected: {'identifier': 'camera_info_manager'}
[0.003763] (-) JobUnselected: {'identifier': 'cv_bridge'}
[0.003934] (-) JobUnselected: {'identifier': 'data_logger_test'}
[0.004023] (-) JobUnselected: {'identifier': 'geodesy'}
[0.004072] (-) JobUnselected: {'identifier': 'geographic_info'}
[0.004113] (-) JobUnselected: {'identifier': 'geographic_msgs'}
[0.004210] (-) JobUnselected: {'identifier': 'gps_package'}
[0.004276] (-) JobUnselected: {'identifier': 'image_common'}
[0.005966] (-) JobUnselected: {'identifier': 'image_geometry'}
[0.006054] (-) JobUnselected: {'identifier': 'image_stitcher'}
[0.006190] (-) JobUnselected: {'identifier': 'image_transport'}
[0.006266] (-) JobUnselected: {'identifier': 'isaac_ros_apriltag_interfaces'}
[0.006345] (-) JobUnselected: {'identifier': 'isaac_ros_bi3d_interfaces'}
[0.006390] (-) JobUnselected: {'identifier': 'isaac_ros_common'}
[0.006433] (-) JobUnselected: {'identifier': 'isaac_ros_nvblox'}
[0.006492] (-) JobUnselected: {'identifier': 'isaac_ros_pointcloud_interfaces'}
[0.008189] (-) JobUnselected: {'identifier': 'isaac_ros_tensor_list_interfaces'}
[0.008288] (-) JobUnselected: {'identifier': 'isaac_ros_test'}
[0.008431] (-) JobUnselected: {'identifier': 'joint_state_publisher'}
[0.008513] (-) JobUnselected: {'identifier': 'joint_state_publisher_gui'}
[0.008562] (-) JobUnselected: {'identifier': 'keyboard_control_pkg'}
[0.008606] (-) JobUnselected: {'identifier': 'motor_control_pkg'}
[0.008675] (-) JobUnselected: {'identifier': 'nvblox'}
[0.009047] (-) JobUnselected: {'identifier': 'nvblox_cpu_gpu_tools'}
[0.009142] (-) JobUnselected: {'identifier': 'nvblox_examples_bringup'}
[0.009185] (-) JobUnselected: {'identifier': 'nvblox_image_padding'}
[0.009228] (-) JobUnselected: {'identifier': 'nvblox_isaac_sim'}
[0.009284] (-) JobUnselected: {'identifier': 'nvblox_msgs'}
[0.009327] (-) JobUnselected: {'identifier': 'nvblox_nav2'}
[0.009372] (-) JobUnselected: {'identifier': 'nvblox_performance_measurement'}
[0.009412] (-) JobUnselected: {'identifier': 'nvblox_performance_measurement_msgs'}
[0.010781] (-) JobUnselected: {'identifier': 'nvblox_ros'}
[0.012469] (-) JobUnselected: {'identifier': 'nvblox_ros_common'}
[0.012567] (-) JobUnselected: {'identifier': 'nvblox_rviz_plugin'}
[0.012651] (-) JobUnselected: {'identifier': 'opencv_tests'}
[0.012729] (-) JobUnselected: {'identifier': 'realsense2_camera'}
[0.012805] (-) JobUnselected: {'identifier': 'realsense2_camera_msgs'}
[0.012879] (-) JobUnselected: {'identifier': 'realsense2_description'}
[0.012952] (-) JobUnselected: {'identifier': 'realsense_obj_det'}
[0.013023] (-) JobUnselected: {'identifier': 'road_segmentation'}
[0.013094] (-) JobUnselected: {'identifier': 'semantic_label_conversion'}
[0.013165] (-) JobUnselected: {'identifier': 'slam_toolbox'}
[0.013237] (-) JobUnselected: {'identifier': 'teleop_twist_joy'}
[0.013306] (-) JobUnselected: {'identifier': 'teleop_twist_keyboard'}
[0.013377] (-) JobUnselected: {'identifier': 'twist_converter'}
[0.013452] (-) JobUnselected: {'identifier': 'twist_mux'}
[0.013523] (-) JobUnselected: {'identifier': 'velodyne'}
[0.013596] (-) JobUnselected: {'identifier': 'velodyne_driver'}
[0.013665] (-) JobUnselected: {'identifier': 'velodyne_laserscan'}
[0.013736] (-) JobUnselected: {'identifier': 'velodyne_msgs'}
[0.013807] (-) JobUnselected: {'identifier': 'velodyne_pointcloud'}
[0.013877] (-) JobUnselected: {'identifier': 'vision_opencv'}
[0.013948] (-) JobUnselected: {'identifier': 'web_video_server'}
[0.014019] (-) JobUnselected: {'identifier': 'xacro'}
[0.014099] (data_logger) JobQueued: {'identifier': 'data_logger', 'dependencies': OrderedDict([('cv_bridge', '/avlcode/workspaces/isaac_ros-dev/install/cv_bridge'), ('image_transport', '/avlcode/workspaces/isaac_ros-dev/install/image_transport')])}
[0.014199] (data_logger) JobStarted: {'identifier': 'data_logger'}
[0.085443] (data_logger) JobProgress: {'identifier': 'data_logger', 'progress': 'cmake'}
[0.087091] (data_logger) Command: {'cmd': ['/usr/bin/cmake', '/avlcode/workspaces/isaac_ros-dev/src/data_logger', '-DCMAKE_INSTALL_PREFIX=/avlcode/workspaces/isaac_ros-dev/install/data_logger'], 'cwd': '/avlcode/workspaces/isaac_ros-dev/build/data_logger', 'env': OrderedDict([('LESSOPEN', '| /usr/bin/lesspipe %s'), ('PYTHONWARNINGS', 'ignore:::setuptools.command.install,ignore:::setuptools.command.easy_install,ignore:::pkg_resources'), ('HOSTNAME', 'agxorin1'), ('SHLVL', '1'), ('LD_LIBRARY_PATH', '/avlcode/workspaces/isaac_ros-dev/install/image_transport/lib:/avlcode/workspaces/isaac_ros-dev/install/cv_bridge/lib:/opt/ros/humble/install/opt/rviz_ogre_vendor/lib:/opt/ros/humble/install/lib:/avlcode/workspaces/isaac_ros-dev/install/velodyne_pointcloud/lib:/avlcode/workspaces/isaac_ros-dev/install/velodyne_driver/lib:/avlcode/workspaces/isaac_ros-dev/install/velodyne_msgs/lib:/avlcode/workspaces/isaac_ros-dev/install/velodyne_laserscan/lib:/avlcode/workspaces/isaac_ros-dev/install/teleop_twist_joy/lib:/avlcode/workspaces/isaac_ros-dev/install/slam_toolbox/lib:/avlcode/workspaces/isaac_ros-dev/install/realsense2_camera/lib:/avlcode/workspaces/isaac_ros-dev/install/realsense2_camera_msgs/lib:/avlcode/workspaces/isaac_ros-dev/install/nvblox_rviz_plugin/lib:/avlcode/workspaces/isaac_ros-dev/install/nvblox_ros/lib:/avlcode/workspaces/isaac_ros-dev/install/nvblox_image_padding/lib:/avlcode/workspaces/isaac_ros-dev/install/nvblox_ros_common/lib:/avlcode/workspaces/isaac_ros-dev/install/nvblox_performance_measurement_msgs/lib:/avlcode/workspaces/isaac_ros-dev/install/nvblox_nav2/lib:/avlcode/workspaces/isaac_ros-dev/install/nvblox_msgs/lib:/avlcode/workspaces/isaac_ros-dev/install/nvblox/lib:/avlcode/workspaces/isaac_ros-dev/install/isaac_ros_tensor_list_interfaces/lib:/avlcode/workspaces/isaac_ros-dev/install/isaac_ros_pointcloud_interfaces/lib:/avlcode/workspaces/isaac_ros-dev/install/isaac_ros_common/lib:/avlcode/workspaces/isaac_ros-dev/install/isaac_ros_bi3d_interfaces/lib:/avlcode/workspaces/isaac_ros-dev/install/isaac_ros_apriltag_interfaces/lib:/avlcode/workspaces/isaac_ros-dev/install/image_geometry/lib:/avlcode/workspaces/isaac_ros-dev/install/geodesy/lib:/avlcode/workspaces/isaac_ros-dev/install/geographic_msgs/lib:/avlcode/workspaces/isaac_ros-dev/install/camera_info_manager/lib:/avlcode/workspaces/isaac_ros-dev/install/camera_calibration_parsers/lib:/avlcode/workspaces/isaac_ros-dev/install/async_web_server_cpp/lib:/usr/lib/aarch64-linux-gnu/tegra/weston:/usr/lib/aarch64-linux-gnu/tegra-egl:/usr/local/cuda-11.4/targets/aarch64-linux/lib:/usr/lib/aarch64-linux-gnu/tegra:/opt/nvidia/vpi2/lib64:/usr/lib/aarch64-linux-gnu-host:/opt/tritonserver/lib'), ('HOME', '/home/admin'), ('ROS_PYTHON_VERSION', '3'), ('USER_UID', '1000'), ('COLCON_PREFIX_PATH', '/opt/ros/humble/install:/avlcode/workspaces/isaac_ros-dev/install'), ('ROS_DISTRO', 'humble'), ('_', '/usr/bin/colcon'), ('ROS_VERSION', '2'), ('PKG_CONFIG_PATH', '/opt/ros/humble/install/lib/aarch64-linux-gnu/pkgconfig:/opt/ros/humble/install/lib/pkgconfig'), ('NVIDIA_DRIVER_CAPABILITIES', 'all'), ('USERNAME', 'admin'), ('TERM', 'xterm'), ('ROS_LOCALHOST_ONLY', '0'), ('PATH', '/opt/ros/humble/install/bin:/avlcode/workspaces/isaac_ros-dev/install/xacro/bin:/usr/local/sbin:/usr/local/bin:/usr/sbin:/usr/bin:/sbin:/bin:/opt/nvidia/tao:/usr/local/cuda/bin'), ('FASTRTPS_DEFAULT_PROFILES_FILE', '/usr/local/share/middleware_profiles/husarnet_fastdds_profile.xml'), ('LD_PRELOAD', '/usr/lib/aarch64-linux-gnu/libgomp.so.1'), ('LANG', 'en_US.UTF-8'), ('RMW_IMPLEMENTATION', 'rmw_fastrtps_cpp'), ('LS_COLORS', 'rs=0:di=01;34:ln=01;36:mh=00:pi=40;33:so=01;35:do=01;35:bd=40;33;01:cd=40;33;01:or=40;31;01:mi=00:su=37;41:sg=30;43:ca=30;41:tw=30;42:ow=34;42:st=37;44:ex=01;32:*.tar=01;31:*.tgz=01;31:*.arc=01;31:*.arj=01;31:*.taz=01;31:*.lha=01;31:*.lz4=01;31:*.lzh=01;31:*.lzma=01;31:*.tlz=01;31:*.txz=01;31:*.tzo=01;31:*.t7z=01;31:*.zip=01;31:*.z=01;31:*.dz=01;31:*.gz=01;31:*.lrz=01;31:*.lz=01;31:*.lzo=01;31:*.xz=01;31:*.zst=01;31:*.tzst=01;31:*.bz2=01;31:*.bz=01;31:*.tbz=01;31:*.tbz2=01;31:*.tz=01;31:*.deb=01;31:*.rpm=01;31:*.jar=01;31:*.war=01;31:*.ear=01;31:*.sar=01;31:*.rar=01;31:*.alz=01;31:*.ace=01;31:*.zoo=01;31:*.cpio=01;31:*.7z=01;31:*.rz=01;31:*.cab=01;31:*.wim=01;31:*.swm=01;31:*.dwm=01;31:*.esd=01;31:*.jpg=01;35:*.jpeg=01;35:*.mjpg=01;35:*.mjpeg=01;35:*.gif=01;35:*.bmp=01;35:*.pbm=01;35:*.pgm=01;35:*.ppm=01;35:*.tga=01;35:*.xbm=01;35:*.xpm=01;35:*.tif=01;35:*.tiff=01;35:*.png=01;35:*.svg=01;35:*.svgz=01;35:*.mng=01;35:*.pcx=01;35:*.mov=01;35:*.mpg=01;35:*.mpeg=01;35:*.m2v=01;35:*.mkv=01;35:*.webm=01;35:*.ogm=01;35:*.mp4=01;35:*.m4v=01;35:*.mp4v=01;35:*.vob=01;35:*.qt=01;35:*.nuv=01;35:*.wmv=01;35:*.asf=01;35:*.rm=01;35:*.rmvb=01;35:*.flc=01;35:*.avi=01;35:*.fli=01;35:*.flv=01;35:*.gl=01;35:*.dl=01;35:*.xcf=01;35:*.xwd=01;35:*.yuv=01;35:*.cgm=01;35:*.emf=01;35:*.ogv=01;35:*.ogx=01;35:*.aac=00;36:*.au=00;36:*.flac=00;36:*.m4a=00;36:*.mid=00;36:*.midi=00;36:*.mka=00;36:*.mp3=00;36:*.mpc=00;36:*.ogg=00;36:*.ra=00;36:*.wav=00;36:*.oga=00;36:*.opus=00;36:*.spx=00;36:*.xspf=00;36:'), ('ROS_ROOT', '/opt/ros/humble'), ('AMENT_PREFIX_PATH', '/opt/ros/humble/install:/avlcode/workspaces/isaac_ros-dev/install/realsense2_description:/avlcode/workspaces/isaac_ros-dev/install/agv_bot_description:/avlcode/workspaces/isaac_ros-dev/install/xacro:/avlcode/workspaces/isaac_ros-dev/install/web_video_server:/avlcode/workspaces/isaac_ros-dev/install/vision_opencv:/avlcode/workspaces/isaac_ros-dev/install/velodyne:/avlcode/workspaces/isaac_ros-dev/install/velodyne_pointcloud:/avlcode/workspaces/isaac_ros-dev/install/velodyne_driver:/avlcode/workspaces/isaac_ros-dev/install/velodyne_msgs:/avlcode/workspaces/isaac_ros-dev/install/velodyne_laserscan:/avlcode/workspaces/isaac_ros-dev/install/twist_mux:/avlcode/workspaces/isaac_ros-dev/install/twist_converter:/avlcode/workspaces/isaac_ros-dev/install/teleop_twist_keyboard:/avlcode/workspaces/isaac_ros-dev/install/teleop_twist_joy:/avlcode/workspaces/isaac_ros-dev/install/semantic_label_conversion:/avlcode/workspaces/isaac_ros-dev/install/road_segmentation:/avlcode/workspaces/isaac_ros-dev/install/realsense_obj_det:/avlcode/workspaces/isaac_ros-dev/install/realsense2_camera:/avlcode/workspaces/isaac_ros-dev/install/realsense2_camera_msgs:/avlcode/workspaces/isaac_ros-dev/install/opencv_tests:/avlcode/workspaces/isaac_ros-dev/install/nvblox_rviz_plugin:/avlcode/workspaces/isaac_ros-dev/install/nvblox_performance_measurement:/avlcode/workspaces/isaac_ros-dev/install/isaac_ros_nvblox:/avlcode/workspaces/isaac_ros-dev/install/nvblox_ros:/avlcode/workspaces/isaac_ros-dev/install/nvblox_image_padding:/avlcode/workspaces/isaac_ros-dev/install/nvblox_ros_common:/avlcode/workspaces/isaac_ros-dev/install/nvblox_performance_measurement_msgs:/avlcode/workspaces/isaac_ros-dev/install/nvblox_nav2:/avlcode/workspaces/isaac_ros-dev/install/nvblox_msgs:/avlcode/workspaces/isaac_ros-dev/install/nvblox_isaac_sim:/avlcode/workspaces/isaac_ros-dev/install/nvblox_examples_bringup:/avlcode/workspaces/isaac_ros-dev/install/nvblox_cpu_gpu_tools:/avlcode/workspaces/isaac_ros-dev/install/motor_control_pkg:/avlcode/workspaces/isaac_ros-dev/install/keyboard_control_pkg:/avlcode/workspaces/isaac_ros-dev/install/keyboard_control:/avlcode/workspaces/isaac_ros-dev/install/joint_state_publisher_gui:/avlcode/workspaces/isaac_ros-dev/install/joint_state_publisher:/avlcode/workspaces/isaac_ros-dev/install/isaac_ros_test:/avlcode/workspaces/isaac_ros-dev/install/isaac_ros_tensor_list_interfaces:/avlcode/workspaces/isaac_ros-dev/install/isaac_ros_pointcloud_interfaces:/avlcode/workspaces/isaac_ros-dev/install/isaac_ros_common:/avlcode/workspaces/isaac_ros-dev/install/isaac_ros_bi3d_interfaces:/avlcode/workspaces/isaac_ros-dev/install/isaac_ros_apriltag_interfaces:/avlcode/workspaces/isaac_ros-dev/install/image_common:/avlcode/workspaces/isaac_ros-dev/install/image_transport:/avlcode/workspaces/isaac_ros-dev/install/image_stitcher:/avlcode/workspaces/isaac_ros-dev/install/gps_package:/avlcode/workspaces/isaac_ros-dev/install/geographic_info:/avlcode/workspaces/isaac_ros-dev/install/geodesy:/avlcode/workspaces/isaac_ros-dev/install/cv_bridge:/avlcode/workspaces/isaac_ros-dev/install/camera_info_manager:/avlcode/workspaces/isaac_ros-dev/install/camera_calibration_parsers:/avlcode/workspaces/isaac_ros-dev/install/async_web_server_cpp'), ('DEBIAN_FRONTEND', 'noninteractive'), ('SHELL', '/bin/bash'), ('LESSCLOSE', '/usr/bin/lesspipe %s %s'), ('PWD', '/avlcode/workspaces/isaac_ros-dev/build/data_logger'), ('PYTHONPATH', '/avlcode/workspaces/isaac_ros-dev/install/cv_bridge/lib/python3.8/site-packages:/opt/ros/humble/install/lib/python3.8/site-packages:/avlcode/workspaces/isaac_ros-dev/install/xacro/lib/python3.8/site-packages:/avlcode/workspaces/isaac_ros-dev/install/velodyne_msgs/lib/python3.8/site-packages:/avlcode/workspaces/isaac_ros-dev/install/twist_converter/lib/python3.8/site-packages:/avlcode/workspaces/isaac_ros-dev/install/teleop_twist_keyboard/lib/python3.8/site-packages:/avlcode/workspaces/isaac_ros-dev/install/slam_toolbox/lib/python3.8/site-packages:/avlcode/workspaces/isaac_ros-dev/install/road_segmentation/lib/python3.8/site-packages:/avlcode/workspaces/isaac_ros-dev/install/realsense_obj_det/lib/python3.8/site-packages:/avlcode/workspaces/isaac_ros-dev/install/realsense2_camera_msgs/lib/python3.8/site-packages:/avlcode/workspaces/isaac_ros-dev/install/opencv_tests/lib/python3.8/site-packages:/avlcode/workspaces/isaac_ros-dev/install/nvblox_performance_measurement_msgs/lib/python3.8/site-packages:/avlcode/workspaces/isaac_ros-dev/install/nvblox_msgs/lib/python3.8/site-packages:/avlcode/workspaces/isaac_ros-dev/install/nvblox_isaac_sim/lib/python3.8/site-packages:/avlcode/workspaces/isaac_ros-dev/install/nvblox_cpu_gpu_tools/lib/python3.8/site-packages:/avlcode/workspaces/isaac_ros-dev/install/motor_control_pkg/lib/python3.8/site-packages:/avlcode/workspaces/isaac_ros-dev/install/keyboard_control_pkg/lib/python3.8/site-packages:/avlcode/workspaces/isaac_ros-dev/build/keyboard_control:/avlcode/workspaces/isaac_ros-dev/install/keyboard_control/lib/python3.8/site-packages:/avlcode/workspaces/isaac_ros-dev/install/joint_state_publisher_gui/lib/python3.8/site-packages:/avlcode/workspaces/isaac_ros-dev/install/joint_state_publisher/lib/python3.8/site-packages:/avlcode/workspaces/isaac_ros-dev/install/isaac_ros_test/lib/python3.8/site-packages:/avlcode/workspaces/isaac_ros-dev/install/isaac_ros_tensor_list_interfaces/lib/python3.8/site-packages:/avlcode/workspaces/isaac_ros-dev/install/isaac_ros_pointcloud_interfaces/lib/python3.8/site-packages:/avlcode/workspaces/isaac_ros-dev/install/isaac_ros_bi3d_interfaces/lib/python3.8/site-packages:/avlcode/workspaces/isaac_ros-dev/install/isaac_ros_apriltag_interfaces/lib/python3.8/site-packages:/avlcode/workspaces/isaac_ros-dev/install/image_stitcher/lib/python3.8/site-packages:/avlcode/workspaces/isaac_ros-dev/install/image_geometry/lib/python3.8/site-packages:/avlcode/workspaces/isaac_ros-dev/install/gps_package/lib/python3.8/site-packages:/avlcode/workspaces/isaac_ros-dev/install/geodesy/lib/python3.8/site-packages:/avlcode/workspaces/isaac_ros-dev/install/geographic_msgs/lib/python3.8/site-packages'), ('NVIDIA_VISIBLE_DEVICES', 'all'), ('USER_GID', '1000'), ('COLCON', '1'), ('CMAKE_PREFIX_PATH', '/avlcode/workspaces/isaac_ros-dev/install/image_transport:/avlcode/workspaces/isaac_ros-dev/install/cv_bridge:/opt/ros/humble/install:/avlcode/workspaces/isaac_ros-dev/install/realsense2_description:/avlcode/workspaces/isaac_ros-dev/install/agv_bot_description:/avlcode/workspaces/isaac_ros-dev/install/xacro:/avlcode/workspaces/isaac_ros-dev/install/web_video_server:/avlcode/workspaces/isaac_ros-dev/install/vision_opencv:/avlcode/workspaces/isaac_ros-dev/install/velodyne:/avlcode/workspaces/isaac_ros-dev/install/velodyne_pointcloud:/avlcode/workspaces/isaac_ros-dev/install/velodyne_driver:/avlcode/workspaces/isaac_ros-dev/install/velodyne_msgs:/avlcode/workspaces/isaac_ros-dev/install/velodyne_laserscan:/avlcode/workspaces/isaac_ros-dev/install/teleop_twist_joy:/avlcode/workspaces/isaac_ros-dev/install/slam_toolbox:/avlcode/workspaces/isaac_ros-dev/install/semantic_label_conversion:/avlcode/workspaces/isaac_ros-dev/install/realsense2_camera:/avlcode/workspaces/isaac_ros-dev/install/realsense2_camera_msgs:/avlcode/workspaces/isaac_ros-dev/install/nvblox_rviz_plugin:/avlcode/workspaces/isaac_ros-dev/install/nvblox_performance_measurement:/avlcode/workspaces/isaac_ros-dev/install/isaac_ros_nvblox:/avlcode/workspaces/isaac_ros-dev/install/nvblox_ros:/avlcode/workspaces/isaac_ros-dev/install/nvblox_image_padding:/avlcode/workspaces/isaac_ros-dev/install/nvblox_ros_common:/avlcode/workspaces/isaac_ros-dev/install/nvblox_performance_measurement_msgs:/avlcode/workspaces/isaac_ros-dev/install/nvblox_nav2:/avlcode/workspaces/isaac_ros-dev/install/nvblox_msgs:/avlcode/workspaces/isaac_ros-dev/install/nvblox_examples_bringup:/avlcode/workspaces/isaac_ros-dev/install/nvblox:/avlcode/workspaces/isaac_ros-dev/install/isaac_ros_tensor_list_interfaces:/avlcode/workspaces/isaac_ros-dev/install/isaac_ros_pointcloud_interfaces:/avlcode/workspaces/isaac_ros-dev/install/isaac_ros_common:/avlcode/workspaces/isaac_ros-dev/install/isaac_ros_bi3d_interfaces:/avlcode/workspaces/isaac_ros-dev/install/isaac_ros_apriltag_interfaces:/avlcode/workspaces/isaac_ros-dev/install/image_common:/avlcode/workspaces/isaac_ros-dev/install/image_geometry:/avlcode/workspaces/isaac_ros-dev/install/geographic_info:/avlcode/workspaces/isaac_ros-dev/install/geodesy:/avlcode/workspaces/isaac_ros-dev/install/geographic_msgs:/avlcode/workspaces/isaac_ros-dev/install/camera_info_manager:/avlcode/workspaces/isaac_ros-dev/install/camera_calibration_parsers')]), 'shell': False}
[0.099128] (-) TimerEvent: {}
[0.120847] (data_logger) StdoutLine: {'line': b'-- Found ament_cmake: 1.3.3 (/opt/ros/humble/install/share/ament_cmake/cmake)\n'}
[0.199171] (-) TimerEvent: {}
[0.299885] (-) TimerEvent: {}
[0.400639] (-) TimerEvent: {}
[0.444619] (data_logger) StdoutLine: {'line': b'-- Override CMake install command with custom implementation using symlinks instead of copying resources\n'}
[0.465250] (data_logger) StdoutLine: {'line': b'-- Found rclcpp: 16.0.3 (/opt/ros/humble/install/share/rclcpp/cmake)\n'}
[0.500828] (-) TimerEvent: {}
[0.580914] (data_logger) StdoutLine: {'line': b'-- Found rosidl_generator_c: 3.1.4 (/opt/ros/humble/install/share/rosidl_generator_c/cmake)\n'}
[0.592912] (data_logger) StdoutLine: {'line': b'-- Found rosidl_adapter: 3.1.4 (/opt/ros/humble/install/share/rosidl_adapter/cmake)\n'}
[0.600918] (-) TimerEvent: {}
[0.615138] (data_logger) StdoutLine: {'line': b'-- Found rosidl_generator_cpp: 3.1.4 (/opt/ros/humble/install/share/rosidl_generator_cpp/cmake)\n'}
[0.655433] (data_logger) StdoutLine: {'line': b'-- Using all available rosidl_typesupport_c: rosidl_typesupport_fastrtps_c;rosidl_typesupport_introspection_c\n'}
[0.701049] (-) TimerEvent: {}
[0.705921] (data_logger) StdoutLine: {'line': b'-- Using all available rosidl_typesupport_cpp: rosidl_typesupport_fastrtps_cpp;rosidl_typesupport_introspection_cpp\n'}
[0.801200] (-) TimerEvent: {}
[0.869634] (data_logger) StdoutLine: {'line': b'-- Found rmw_implementation_cmake: 6.1.1 (/opt/ros/humble/install/share/rmw_implementation_cmake/cmake)\n'}
[0.880638] (data_logger) StdoutLine: {'line': b'-- Found rmw_fastrtps_cpp: 6.2.2 (/opt/ros/humble/install/share/rmw_fastrtps_cpp/cmake)\n'}
[0.901504] (-) TimerEvent: {}
[1.002076] (-) TimerEvent: {}
[1.102732] (-) TimerEvent: {}
[1.203396] (-) TimerEvent: {}
[1.292017] (data_logger) StdoutLine: {'line': b'-- Found OpenSSL: /usr/lib/aarch64-linux-gnu/libcrypto.so (found version "1.1.1f")  \n'}
[1.303491] (-) TimerEvent: {}
[1.391396] (data_logger) StdoutLine: {'line': b'-- Found FastRTPS: /opt/ros/humble/install/include  \n'}
[1.403574] (-) TimerEvent: {}
[1.504093] (-) TimerEvent: {}
[1.555995] (data_logger) StdoutLine: {'line': b"-- Using RMW implementation 'rmw_fastrtps_cpp' as default\n"}
[1.590767] (data_logger) StdoutLine: {'line': b'-- Looking for pthread.h\n'}
[1.604168] (-) TimerEvent: {}
[1.704724] (-) TimerEvent: {}
[1.760558] (data_logger) StdoutLine: {'line': b'-- Looking for pthread.h - found\n'}
[1.761480] (data_logger) StdoutLine: {'line': b'-- Performing Test CMAKE_HAVE_LIBC_PTHREAD\n'}
[1.804891] (-) TimerEvent: {}
[1.905777] (-) TimerEvent: {}
[1.935376] (data_logger) StdoutLine: {'line': b'-- Performing Test CMAKE_HAVE_LIBC_PTHREAD - Failed\n'}
[1.936030] (data_logger) StdoutLine: {'line': b'-- Looking for pthread_create in pthreads\n'}
[2.005965] (-) TimerEvent: {}
[2.083954] (data_logger) StdoutLine: {'line': b'-- Looking for pthread_create in pthreads - not found\n'}
[2.084655] (data_logger) StdoutLine: {'line': b'-- Looking for pthread_create in pthread\n'}
[2.106126] (-) TimerEvent: {}
[2.206850] (-) TimerEvent: {}
[2.260273] (data_logger) StdoutLine: {'line': b'-- Looking for pthread_create in pthread - found\n'}
[2.263261] (data_logger) StdoutLine: {'line': b'-- Found Threads: TRUE  \n'}
[2.306999] (-) TimerEvent: {}
[2.407767] (-) TimerEvent: {}
[2.508562] (-) TimerEvent: {}
[2.609573] (-) TimerEvent: {}
[2.649852] (data_logger) StdoutLine: {'line': b'-- Found OpenCV: /usr (found version "4.2.0") \n'}
[2.651500] (data_logger) StdoutLine: {'line': b'-- Found cv_bridge: 3.4.0 (/avlcode/workspaces/isaac_ros-dev/install/cv_bridge/share/cv_bridge/cmake)\n'}
[2.709667] (-) TimerEvent: {}
[2.810519] (-) TimerEvent: {}
[2.911227] (-) TimerEvent: {}
[2.952379] (data_logger) StdoutLine: {'line': b'-- Found image_transport: 4.5.1 (/avlcode/workspaces/isaac_ros-dev/install/image_transport/share/image_transport/cmake)\n'}
[3.011550] (-) TimerEvent: {}
[3.081460] (data_logger) StdoutLine: {'line': b'-- Found ament_lint_auto: 0.12.5 (/opt/ros/humble/install/share/ament_lint_auto/cmake)\n'}
[3.111662] (-) TimerEvent: {}
[3.212266] (-) TimerEvent: {}
[3.219019] (data_logger) StderrLine: {'line': b"Error parsing '/avlcode/workspaces/isaac_ros-dev/src/data_logger/package.xml':\n"}
[3.312466] (-) TimerEvent: {}
[3.413180] (-) TimerEvent: {}
[3.502748] (data_logger) StderrLine: {'line': b'Traceback (most recent call last):\n'}
[3.503442] (data_logger) StderrLine: {'line': b'  File "/usr/lib/python3/dist-packages/catkin_pkg/package.py", line 610, in parse_package_string\n'}
[3.503761] (data_logger) StderrLine: {'line': b'    root = dom.parseString(data)\n'}
[3.504044] (data_logger) StderrLine: {'line': b'  File "/usr/lib/python3.8/xml/dom/minidom.py", line 1969, in parseString\n'}
[3.504317] (data_logger) StderrLine: {'line': b'    return expatbuilder.parseString(string)\n'}
[3.504633] (data_logger) StderrLine: {'line': b'  File "/usr/lib/python3.8/xml/dom/expatbuilder.py", line 925, in parseString\n'}
[3.504899] (data_logger) StderrLine: {'line': b'    return builder.parseString(string)\n'}
[3.505144] (data_logger) StderrLine: {'line': b'  File "/usr/lib/python3.8/xml/dom/expatbuilder.py", line 223, in parseString\n'}
[3.505386] (data_logger) StderrLine: {'line': b'    parser.Parse(string, True)\n'}
[3.505623] (data_logger) StderrLine: {'line': b'xml.parsers.expat.ExpatError: XML or text declaration not at start of entity: line 32, column 0\n'}
[3.505858] (data_logger) StderrLine: {'line': b'\n'}
[3.506088] (data_logger) StderrLine: {'line': b'During handling of the above exception, another exception occurred:\n'}
[3.506321] (data_logger) StderrLine: {'line': b'\n'}
[3.506550] (data_logger) StderrLine: {'line': b'Traceback (most recent call last):\n'}
[3.506780] (data_logger) StderrLine: {'line': b'  File "/opt/ros/humble/install/share/ament_cmake_core/cmake/core/package_xml_2_cmake.py", line 150, in <module>\n'}
[3.507013] (data_logger) StderrLine: {'line': b'    main()\n'}
[3.507241] (data_logger) StderrLine: {'line': b'  File "/opt/ros/humble/install/share/ament_cmake_core/cmake/core/package_xml_2_cmake.py", line 53, in main\n'}
[3.507472] (data_logger) StderrLine: {'line': b'    raise e\n'}
[3.507697] (data_logger) StderrLine: {'line': b'  File "/opt/ros/humble/install/share/ament_cmake_core/cmake/core/package_xml_2_cmake.py", line 49, in main\n'}
[3.507928] (data_logger) StderrLine: {'line': b'    package = parse_package_string(\n'}
[3.508154] (data_logger) StderrLine: {'line': b'  File "/usr/lib/python3/dist-packages/catkin_pkg/package.py", line 612, in parse_package_string\n'}
[3.508468] (data_logger) StderrLine: {'line': b"    raise InvalidPackage('The manifest contains invalid XML:\\n%s' % ex, filename)\n"}
[3.508727] (data_logger) StderrLine: {'line': b"catkin_pkg.package.InvalidPackage: Error(s) in package '/avlcode/workspaces/isaac_ros-dev/src/data_logger/package.xml':\n"}
[3.508969] (data_logger) StderrLine: {'line': b'The manifest contains invalid XML:\n'}
[3.509201] (data_logger) StderrLine: {'line': b'XML or text declaration not at start of entity: line 32, column 0\n'}
[3.513259] (-) TimerEvent: {}
[3.563799] (data_logger) StderrLine: {'line': b'\x1b[31mCMake Error at /opt/ros/humble/install/share/ament_cmake_core/cmake/core/ament_package_xml.cmake:95 (message):\n'}
[3.564664] (data_logger) StderrLine: {'line': b'  execute_process(/usr/bin/python3.8\n'}
[3.564965] (data_logger) StderrLine: {'line': b'  /opt/ros/humble/install/share/ament_cmake_core/cmake/core/package_xml_2_cmake.py\n'}
[3.565222] (data_logger) StderrLine: {'line': b'  /avlcode/workspaces/isaac_ros-dev/src/data_logger/package.xml\n'}
[3.565474] (data_logger) StderrLine: {'line': b'  /avlcode/workspaces/isaac_ros-dev/build/data_logger/ament_cmake_core/package.cmake)\n'}
[3.565717] (data_logger) StderrLine: {'line': b'  returned error code 1\n'}
[3.565957] (data_logger) StderrLine: {'line': b'Call Stack (most recent call first):\n'}
[3.566193] (data_logger) StderrLine: {'line': b'  /opt/ros/humble/install/share/ament_cmake_core/cmake/core/ament_package_xml.cmake:49 (_ament_package_xml)\n'}
[3.566432] (data_logger) StderrLine: {'line': b'  /opt/ros/humble/install/share/ament_lint_auto/cmake/ament_lint_auto_find_test_dependencies.cmake:31 (ament_package_xml)\n'}
[3.566727] (data_logger) StderrLine: {'line': b'  CMakeLists.txt:89 (ament_lint_auto_find_test_dependencies)\n'}
[3.567004] (data_logger) StderrLine: {'line': b'\n'}
[3.567250] (data_logger) StderrLine: {'line': b'\x1b[0m\n'}
[3.567490] (data_logger) StdoutLine: {'line': b'-- Configuring incomplete, errors occurred!\n'}
[3.567758] (data_logger) StdoutLine: {'line': b'See also "/avlcode/workspaces/isaac_ros-dev/build/data_logger/CMakeFiles/CMakeOutput.log".\n'}
[3.568011] (data_logger) StdoutLine: {'line': b'See also "/avlcode/workspaces/isaac_ros-dev/build/data_logger/CMakeFiles/CMakeError.log".\n'}
[3.585079] (data_logger) CommandEnded: {'returncode': 1}
[3.587490] (data_logger) JobEnded: {'identifier': 'data_logger', 'rc': 1}
[3.598462] (-) EventReactorShutdown: {}
